components/ExternalLink.tsx(13,7): error TS2322: Type 'string' is not assignable to type '"/" | RelativePathString | ExternalPathString | "/club" | `/club?${string}` | `/club#${string}` | "/createMatch" | `/createMatch?${string}` | `/createMatch#${string}` | "/createPlayer" | ... 74 more ... | { ...; }'.
components/forms/CreateMatch.tsx(262,9): error TS2322: Type '(e: string | ChangeEvent<any>) => void' is not assignable to type '(value?: string | undefined) => void'.
  Types of parameters 'e' and 'value' are incompatible.
    Type 'string | undefined' is not assignable to type 'string | ChangeEvent<any>'.
      Type 'undefined' is not assignable to type 'string | ChangeEvent<any>'.
components/forms/CreateMatch.tsx(277,9): error TS2322: Type '(e: string | ChangeEvent<any>) => void' is not assignable to type '(value?: string | undefined) => void'.
  Types of parameters 'e' and 'value' are incompatible.
    Type 'string | undefined' is not assignable to type 'string | ChangeEvent<any>'.
      Type 'undefined' is not assignable to type 'string | ChangeEvent<any>'.
components/forms/CreatePlayer.tsx(42,62): error TS2345: Argument of type '{ playerId: string; matches: number; innings: number; runs: number; ballsFaced: number; fours: number; sixes: number; strikeRate: number; average: number; notOuts: number; wickets: number; overs: number; ... 8 more ...; clubId: string; }' is not assignable to parameter of type 'Omit<playerCareerStats, "id">'.
  Property 'matchesWon' is missing in type '{ playerId: string; matches: number; innings: number; runs: number; ballsFaced: number; fours: number; sixes: number; strikeRate: number; average: number; notOuts: number; wickets: number; overs: number; ... 8 more ...; clubId: string; }' but required in type 'Omit<playerCareerStats, "id">'.
components/forms/MatchSettings.tsx(202,15): error TS2322: Type '(value: string) => void' is not assignable to type '(value?: string | undefined) => void'.
  Types of parameters 'value' and 'value' are incompatible.
    Type 'string | undefined' is not assignable to type 'string'.
      Type 'undefined' is not assignable to type 'string'.
components/navigation/FloatingMenu.tsx(34,17): error TS2345: Argument of type 'string' is not assignable to parameter of type '"/" | RelativePathString | ExternalPathString | "/club" | `/club?${string}` | `/club#${string}` | "/createMatch" | `/createMatch?${string}` | `/createMatch#${string}` | "/createPlayer" | ... 74 more ... | { ...; }'.
components/navigation/Menu.tsx(61,17): error TS2345: Argument of type 'string' is not assignable to parameter of type '"/" | RelativePathString | ExternalPathString | "/club" | `/club?${string}` | `/club#${string}` | "/createMatch" | `/createMatch?${string}` | `/createMatch#${string}` | "/createPlayer" | ... 74 more ... | { ...; }'.
components/PlayerCareerSummary.tsx(346,36): error TS2339: Property 'cacheDirectory' does not exist on type 'typeof import("C:/Vinod/Projects/ScoreCard/node_modules/expo-file-system/build/index")'.
components/Players.tsx(34,11): error TS2322: Type '{ playerId: string; playerName: string; }' is not assignable to type 'UnknownInputParams & { id: string | number; }'.
  Property 'id' is missing in type '{ playerId: string; playerName: string; }' but required in type '{ id: string | number; }'.
components/TeamSelection.tsx(109,13): error TS2322: Type '(e: string | ChangeEvent<any>) => void' is not assignable to type '(value?: string | undefined) => void'.
  Types of parameters 'e' and 'value' are incompatible.
    Type 'string | undefined' is not assignable to type 'string | ChangeEvent<any>'.
      Type 'undefined' is not assignable to type 'string | ChangeEvent<any>'.
components/TeamSelection.tsx(124,13): error TS2322: Type '(e: string | ChangeEvent<any>) => void' is not assignable to type '(value?: string | undefined) => void'.
  Types of parameters 'e' and 'value' are incompatible.
    Type 'string | undefined' is not assignable to type 'string | ChangeEvent<any>'.
      Type 'undefined' is not assignable to type 'string | ChangeEvent<any>'.
node_modules/react-native-wheel-scrollview-picker/index.tsx(198,7): error TS2345: Argument of type 'number' is not assignable to parameter of type 'SetStateAction<Timeout | null>'.
